// Jest Snapshot v1, https://goo.gl/fbAQLP

exports[`renders correctly 1`] = `
<View
  style={
    Array [
      Object {
        "backgroundColor": "#fff",
      },
      Object {
        "alignItems": "center",
        "flex": 1,
        "justifyContent": "center",
      },
    ]
  }
>
  <Text>
    Hello
  </Text>
  <TextInput
    onChangeText={[Function]}
    placeholder="Username"
    style={
      Object {
        "padding": 10,
      }
    }
    testID="Login.username"
  />
  <TextInput
    onChangeText={[Function]}
    placeholder="Password"
    style={
      Object {
        "padding": 10,
      }
    }
    testID="Login.password"
  />
  <View
    accessibilityRole="button"
    accessible={true}
    collapsable={false}
    focusable={true}
    onClick={[Function]}
    onResponderGrant={[Function]}
    onResponderMove={[Function]}
    onResponderRelease={[Function]}
    onResponderTerminate={[Function]}
    onResponderTerminationRequest={[Function]}
    onStartShouldSetResponder={[Function]}
    style={
      Object {
        "opacity": 1,
      }
    }
    testID="Login.Button"
  >
    <View
      style={
        Array [
          Object {},
        ]
      }
    >
      <Text
        style={
          Array [
            Object {
              "color": "#007AFF",
              "fontSize": 18,
              "margin": 8,
              "textAlign": "center",
            },
          ]
        }
      >
        OK
      </Text>
    </View>
  </View>
  <Text
    testID="Login.errorMessage"
  >
    Your username or password is incorrect
  </Text>
</View>
`;
